../Core/Src/main.c:106:7:sign	3
../Core/Src/main.c:112:7:saturation	2
../Core/Src/main.c:119:6:pwm_unipolar_A	1
../Core/Src/main.c:129:6:pwm_unipolar_B	1
../Core/Src/main.c:140:7:adc_to_current	1
../Core/Src/main.c:146:7:generator_i_ref_square	3
../Core/Src/main.c:176:7:generator_i_ref_trapezoid	13
../Core/Src/main.c:280:5:main	2
../Core/Src/main.c:363:6:SystemClock_Config	3
../Core/Src/main.c:410:13:MX_ADC1_Init	4
../Core/Src/main.c:478:13:MX_HRTIM1_Init	31
../Core/Src/main.c:691:13:MX_GPIO_Init	1
../Core/Src/main.c:737:6:HAL_ADC_ConvCpltCallback	2
../Core/Src/main.c:753:6:Error_Handler	1
