../Core/Src/main.c:75:7:sign	16	static
../Core/Src/main.c:81:7:saturation	16	static
../Core/Src/main.c:88:6:pwm_unipolar_A	24	static
../Core/Src/main.c:98:6:pwm_unipolar_B	24	static
../Core/Src/main.c:119:5:main	8	static
../Core/Src/main.c:201:6:SystemClock_Config	88	static
../Core/Src/main.c:248:13:MX_ADC1_Init	56	static
../Core/Src/main.c:316:13:MX_HRTIM1_Init	200	static
../Core/Src/main.c:529:13:MX_GPIO_Init	40	static
../Core/Src/main.c:585:6:HAL_ADC_ConvCpltCallback	16	static
../Core/Src/main.c:604:6:Error_Handler	4	static,ignoring_inline_asm
