../Core/Src/main.c:106:7:sign	16	static
../Core/Src/main.c:112:7:saturation	16	static
../Core/Src/main.c:119:6:pwm_unipolar_A	24	static
../Core/Src/main.c:129:6:pwm_unipolar_B	24	static
../Core/Src/main.c:140:7:adc_to_current	24	static
../Core/Src/main.c:146:7:generator_i_ref_square	24	static
../Core/Src/main.c:176:7:generator_i_ref_trapezoid	24	static
../Core/Src/main.c:280:5:main	8	static
../Core/Src/main.c:363:6:SystemClock_Config	88	static
../Core/Src/main.c:410:13:MX_ADC1_Init	56	static
../Core/Src/main.c:478:13:MX_HRTIM1_Init	200	static
../Core/Src/main.c:691:13:MX_GPIO_Init	40	static
../Core/Src/main.c:737:6:HAL_ADC_ConvCpltCallback	16	static
../Core/Src/main.c:753:6:Error_Handler	4	static,ignoring_inline_asm
