2026-05-05 11:09:13,181 [INFO] WebApp:191 - Connection restablished
2026-05-05 11:09:26,370 [INFO] WebApp:194 - Connection lost
2026-05-05 11:09:27,019 [INFO] WebApp:191 - Connection restablished
2026-05-05 11:09:29,611 [INFO] WebApp:194 - Connection lost
2026-05-05 11:09:29,806 [INFO] WebApp:191 - Connection restablished
2026-05-05 11:10:02,585 [INFO] WebApp:194 - Connection lost
2026-05-05 11:10:02,873 [INFO] WebApp:191 - Connection restablished
2026-05-05 11:36:00,506 [INFO] NvicIntPanel:101 - NVIC parent = com.st.microxplorer.plugins.ip.nvic.MultiNvicIntPanel[,0,0,0x0,invalid,layout=javax.swing.BoxLayout,alignmentX=0.0,alignmentY=0.0,border=,flags=9,maximumSize=,minimumSize=,preferredSize=]
2026-05-05 11:43:05,964 [INFO] NvicIntPanel:101 - NVIC parent = com.st.microxplorer.plugins.ip.nvic.MultiNvicIntPanel[,0,0,0x0,invalid,layout=javax.swing.BoxLayout,alignmentX=0.0,alignmentY=0.0,border=,flags=9,maximumSize=,minimumSize=,preferredSize=]
2026-05-05 11:43:17,552 [WARN] Mcu:7025 - HRTIM1 Clean up: some unused parameters were removed
2026-05-05 11:43:17,561 [INFO] UtilMem:75 - End SaveConfig() Used Memory: 862604568 Bytes (1073741824)
2026-05-05 11:43:20,128 [WARN] Mcu:7025 - HRTIM1 Clean up: some unused parameters were removed
2026-05-05 11:43:20,133 [INFO] UtilMem:75 - End SaveConfig() Used Memory: 905326608 Bytes (1073741824)
2026-05-05 11:43:29,105 [ERROR] ConfigurationRetriever:142 - IOException on connection: sw-center.st.com
2026-05-05 11:43:29,105 [ERROR] ConfigurationRetriever:142 - IOException on connection: sw-center.st.com
2026-05-05 11:43:29,111 [ERROR] ConfigurationRetriever:142 - IOException on connection: sw-center.st.com
2026-05-05 11:43:29,110 [ERROR] ConfigurationRetriever:142 - IOException on connection: sw-center.st.com
2026-05-05 11:43:29,111 [ERROR] ConfigurationRetriever:142 - IOException on connection: sw-center.st.com
2026-05-05 11:43:29,111 [ERROR] ConfigurationRetriever:142 - IOException on connection: sw-center.st.com
2026-05-05 11:43:29,504 [ERROR] LocalSettings:60 - multiple points
2026-05-05 11:43:29,504 [ERROR] LocalSettings:60 - multiple points
2026-05-05 11:43:31,812 [WARN] Mcu:7025 - HRTIM1 Clean up: some unused parameters were removed
2026-05-05 11:43:31,817 [INFO] UtilMem:75 - End SaveConfig() Used Memory: 903765920 Bytes (1073741824)
2026-05-05 11:43:31,914 [ERROR] ConfigurationRetriever:142 - IOException on connection: sw-center.st.com
2026-05-05 11:43:31,915 [ERROR] ConfigurationRetriever:142 - IOException on connection: sw-center.st.com
2026-05-05 11:43:31,916 [ERROR] ConfigurationRetriever:142 - IOException on connection: sw-center.st.com
2026-05-05 11:43:32,203 [INFO] BlockDiagram:2775 - set Specific Code input for plugin: SYS
2026-05-05 11:43:32,203 [INFO] BlockDiagram:2775 - set Specific Code input for plugin: RCC
2026-05-05 11:43:32,203 [INFO] BlockDiagram:2775 - set Specific Code input for plugin: HRTIM
2026-05-05 11:43:32,205 [INFO] BlockDiagram:2775 - set Specific Code input for plugin: NVIC
2026-05-05 11:43:32,205 [INFO] BlockDiagram:2775 - set Specific Code input for plugin: GPIO
2026-05-05 11:43:32,211 [INFO] CodeGenerator:892 - code generatio: config db path: C:\ST\STM32CubeIDE_1.19.0\STM32CubeIDE\plugins\com.st.stm32cube.common.mx_6.15.0.202507011659\\db\
2026-05-05 11:43:32,476 [INFO] CodeEngine:265 - oldGeneratedFile, C:\Users\Александра\Documents\hrtim_test_pwm_1_signal\test_hrtim1\MXTmpFiles\license.tmp_save
2026-05-05 11:43:33,134 [INFO] CodeEngine:289 - Generated code: C:\Users\Александра\Documents\hrtim_test_pwm_1_signal\test_hrtim1\MXTmpFiles\license.tmp
2026-05-05 11:43:33,277 [INFO] CodeEngine:265 - oldGeneratedFile, C:\Users\Александра\Documents\hrtim_test_pwm_1_signal\test_hrtim1\MXTmpFiles\gpio.tmp_save
2026-05-05 11:43:34,977 [INFO] CodeEngine:289 - Generated code: C:\Users\Александра\Documents\hrtim_test_pwm_1_signal\test_hrtim1\MXTmpFiles\gpio.tmp
2026-05-05 11:43:36,060 [INFO] CodeEngine:265 - oldGeneratedFile, C:\Users\Александра\Documents\hrtim_test_pwm_1_signal\test_hrtim1\Core\Src\stm32g4xx_it.c_save
2026-05-05 11:43:36,564 [INFO] CodeEngine:289 - Generated code: C:\Users\Александра\Documents\hrtim_test_pwm_1_signal\test_hrtim1\Core\Src\stm32g4xx_it.c
2026-05-05 11:43:36,577 [INFO] CodeEngine:265 - oldGeneratedFile, C:\Users\Александра\Documents\hrtim_test_pwm_1_signal\test_hrtim1\Core\Inc\stm32g4xx_it.h_save
2026-05-05 11:43:36,727 [INFO] CodeEngine:289 - Generated code: C:\Users\Александра\Documents\hrtim_test_pwm_1_signal\test_hrtim1\Core\Inc\stm32g4xx_it.h
2026-05-05 11:43:36,750 [INFO] CodeEngine:265 - oldGeneratedFile, C:\Users\Александра\Documents\hrtim_test_pwm_1_signal\test_hrtim1\Core\Src\stm32g4xx_hal_msp.c_save
2026-05-05 11:43:37,018 [INFO] CodeEngine:289 - Generated code: C:\Users\Александра\Documents\hrtim_test_pwm_1_signal\test_hrtim1\Core\Src\stm32g4xx_hal_msp.c
2026-05-05 11:43:37,027 [INFO] CodeEngine:265 - oldGeneratedFile, C:\Users\Александра\Documents\hrtim_test_pwm_1_signal\test_hrtim1\MXTmpFiles\system.tmp_save
2026-05-05 11:43:37,150 [INFO] CodeEngine:289 - Generated code: C:\Users\Александра\Documents\hrtim_test_pwm_1_signal\test_hrtim1\MXTmpFiles\system.tmp
2026-05-05 11:43:37,169 [INFO] CodeEngine:321 - oldGeneratedFile, C:\Users\Александра\Documents\hrtim_test_pwm_1_signal\test_hrtim1\Core\Inc\stm32g4xx_hal_conf.h_save
2026-05-05 11:43:37,313 [INFO] CodeEngine:345 - Generated code: C:\Users\Александра\Documents\hrtim_test_pwm_1_signal\test_hrtim1\Core\Inc\stm32g4xx_hal_conf.h
2026-05-05 11:43:37,345 [WARN] IPConfigManager:3238 - Warning: the RefConfig RCC_CommonPeriphClockConfig is not available in your config.xml file
2026-05-05 11:43:37,368 [INFO] CodeEngine:265 - oldGeneratedFile, C:\Users\Александра\Documents\hrtim_test_pwm_1_signal\test_hrtim1\Core\Inc\main.h_save
2026-05-05 11:43:37,566 [INFO] CodeEngine:289 - Generated code: C:\Users\Александра\Documents\hrtim_test_pwm_1_signal\test_hrtim1\Core\Inc\main.h
2026-05-05 11:43:37,578 [INFO] CodeEngine:265 - oldGeneratedFile, C:\Users\Александра\Documents\hrtim_test_pwm_1_signal\test_hrtim1\Core\Src\main.c_save
2026-05-05 11:43:37,767 [INFO] CodeEngine:289 - Generated code: C:\Users\Александра\Documents\hrtim_test_pwm_1_signal\test_hrtim1\Core\Src\main.c
2026-05-05 11:43:38,788 [INFO] ProjectBuilder:3606 - Time for Copy HAL[1] : 540mS.
2026-05-05 11:43:38,800 [INFO] ProjectBuilder:5216 - Project Generator version: 4.7.0-B52
2026-05-05 11:43:39,138 [INFO] ConfigFileManager:1595 - The Die is : DIE469
2026-05-05 11:43:41,424 [INFO] ProjectBuilder:5496 - Time for Generating toolchain IDE Files: 2624mS.
2026-05-05 11:43:41,428 [INFO] ProjectBuilder:3463 - Time for Copy CMSIS : 1mS.
2026-05-05 11:43:41,435 [INFO] ProjectBuilder:3463 - Time for Copy CMSIS : 1mS.
