15:58:13 **** Incremental Build of configuration Debug for project test_hrtim1 ****
make -j8 all 
arm-none-eabi-gcc "../Core/Src/main.c" -mcpu=cortex-m4 -std=gnu11 -g3 -DDEBUG -DUSE_HAL_DRIVER -DSTM32G474xx -c -I../Core/Inc -I../Drivers/STM32G4xx_HAL_Driver/Inc -I../Drivers/STM32G4xx_HAL_Driver/Inc/Legacy -I../Drivers/CMSIS/Device/ST/STM32G4xx/Include -I../Drivers/CMSIS/Include -O0 -ffunction-sections -fdata-sections -Wall -fstack-usage -fcyclomatic-complexity -MMD -MP -MF"Core/Src/main.d" -MT"Core/Src/main.o" --specs=nano.specs -mfpu=fpv4-sp-d16 -mfloat-abi=hard -mthumb -o "Core/Src/main.o"
arm-none-eabi-gcc "../Core/Src/stm32g4xx_hal_msp.c" -mcpu=cortex-m4 -std=gnu11 -g3 -DDEBUG -DUSE_HAL_DRIVER -DSTM32G474xx -c -I../Core/Inc -I../Drivers/STM32G4xx_HAL_Driver/Inc -I../Drivers/STM32G4xx_HAL_Driver/Inc/Legacy -I../Drivers/CMSIS/Device/ST/STM32G4xx/Include -I../Drivers/CMSIS/Include -O0 -ffunction-sections -fdata-sections -Wall -fstack-usage -fcyclomatic-complexity -MMD -MP -MF"Core/Src/stm32g4xx_hal_msp.d" -MT"Core/Src/stm32g4xx_hal_msp.o" --specs=nano.specs -mfpu=fpv4-sp-d16 -mfloat-abi=hard -mthumb -o "Core/Src/stm32g4xx_hal_msp.o"
arm-none-eabi-gcc "../Core/Src/stm32g4xx_it.c" -mcpu=cortex-m4 -std=gnu11 -g3 -DDEBUG -DUSE_HAL_DRIVER -DSTM32G474xx -c -I../Core/Inc -I../Drivers/STM32G4xx_HAL_Driver/Inc -I../Drivers/STM32G4xx_HAL_Driver/Inc/Legacy -I../Drivers/CMSIS/Device/ST/STM32G4xx/Include -I../Drivers/CMSIS/Include -O0 -ffunction-sections -fdata-sections -Wall -fstack-usage -fcyclomatic-complexity -MMD -MP -MF"Core/Src/stm32g4xx_it.d" -MT"Core/Src/stm32g4xx_it.o" --specs=nano.specs -mfpu=fpv4-sp-d16 -mfloat-abi=hard -mthumb -o "Core/Src/stm32g4xx_it.o"
arm-none-eabi-gcc -o "test_hrtim1.elf" @"objects.list"   -mcpu=cortex-m4 -T"C:\Users\Александра\Documents\hrtim_test_pwm_1_signal\test_hrtim1\STM32G474RETX_FLASH.ld" --specs=nosys.specs -Wl,-Map="test_hrtim1.map" -Wl,--gc-sections -static --specs=nano.specs -mfpu=fpv4-sp-d16 -mfloat-abi=hard -mthumb -Wl,--start-group -lc -lm -Wl,--end-group
Finished building target: test_hrtim1.elf
 
arm-none-eabi-size  test_hrtim1.elf 
arm-none-eabi-objdump -h -S test_hrtim1.elf  > "test_hrtim1.list"
   text	   data	    bss	    dec	    hex	filename
  25588	     12	   1972	  27572	   6bb4	test_hrtim1.elf
Finished building: default.size.stdout
 
Finished building: test_hrtim1.list
 
15:58:33 **** Incremental Build of configuration Debug for project test_hrtim1 ****
make -j8 all 
arm-none-eabi-size  test_hrtim1.elf 
   text	   data	    bss	    dec	    hex	filename
  25588	     12	   1972	  27572	   6bb4	test_hrtim1.elf
Finished building: default.size.stdout
 
16:18:37 **** Incremental Build of configuration Debug for project test_hrtim1 ****
make -j8 all 
arm-none-eabi-gcc "../Core/Src/main.c" -mcpu=cortex-m4 -std=gnu11 -g3 -DDEBUG -DUSE_HAL_DRIVER -DSTM32G474xx -c -I../Core/Inc -I../Drivers/STM32G4xx_HAL_Driver/Inc -I../Drivers/STM32G4xx_HAL_Driver/Inc/Legacy -I../Drivers/CMSIS/Device/ST/STM32G4xx/Include -I../Drivers/CMSIS/Include -O0 -ffunction-sections -fdata-sections -Wall -fstack-usage -fcyclomatic-complexity -MMD -MP -MF"Core/Src/main.d" -MT"Core/Src/main.o" --specs=nano.specs -mfpu=fpv4-sp-d16 -mfloat-abi=hard -mthumb -o "Core/Src/main.o"
arm-none-eabi-gcc -o "test_hrtim1.elf" @"objects.list"   -mcpu=cortex-m4 -T"C:\Users\Александра\Documents\hrtim_test_pwm_1_signal\test_hrtim1\STM32G474RETX_FLASH.ld" --specs=nosys.specs -Wl,-Map="test_hrtim1.map" -Wl,--gc-sections -static --specs=nano.specs -mfpu=fpv4-sp-d16 -mfloat-abi=hard -mthumb -Wl,--start-group -lc -lm -Wl,--end-group
Finished building target: test_hrtim1.elf
 
arm-none-eabi-size  test_hrtim1.elf 
arm-none-eabi-objdump -h -S test_hrtim1.elf  > "test_hrtim1.list"
   text	   data	    bss	    dec	    hex	filename
  25588	     12	   1972	  27572	   6bb4	test_hrtim1.elf
Finished building: default.size.stdout
 
Finished building: test_hrtim1.list
 
16:20:41 **** Incremental Build of configuration Debug for project test_hrtim1 ****
make -j8 all 
arm-none-eabi-gcc "../Core/Src/main.c" -mcpu=cortex-m4 -std=gnu11 -g3 -DDEBUG -DUSE_HAL_DRIVER -DSTM32G474xx -c -I../Core/Inc -I../Drivers/STM32G4xx_HAL_Driver/Inc -I../Drivers/STM32G4xx_HAL_Driver/Inc/Legacy -I../Drivers/CMSIS/Device/ST/STM32G4xx/Include -I../Drivers/CMSIS/Include -O0 -ffunction-sections -fdata-sections -Wall -fstack-usage -fcyclomatic-complexity -MMD -MP -MF"Core/Src/main.d" -MT"Core/Src/main.o" --specs=nano.specs -mfpu=fpv4-sp-d16 -mfloat-abi=hard -mthumb -o "Core/Src/main.o"
arm-none-eabi-gcc -o "test_hrtim1.elf" @"objects.list"   -mcpu=cortex-m4 -T"C:\Users\Александра\Documents\hrtim_test_pwm_1_signal\test_hrtim1\STM32G474RETX_FLASH.ld" --specs=nosys.specs -Wl,-Map="test_hrtim1.map" -Wl,--gc-sections -static --specs=nano.specs -mfpu=fpv4-sp-d16 -mfloat-abi=hard -mthumb -Wl,--start-group -lc -lm -Wl,--end-group
Finished building target: test_hrtim1.elf
 
arm-none-eabi-size  test_hrtim1.elf 
arm-none-eabi-objdump -h -S test_hrtim1.elf  > "test_hrtim1.list"
   text	   data	    bss	    dec	    hex	filename
  25588	     12	   1972	  27572	   6bb4	test_hrtim1.elf
Finished building: default.size.stdout
 
Finished building: test_hrtim1.list
 
